[     638ms] [LOG] {success: true, data: Object} @ https://register.dpma.de/DPMAregister/js/bootstrap-session-timeout.js:144
[   12723ms] [INFO] Autofocus processing was blocked because a document already has a focused element. @ https://register.dpma.de/DPMAregister/marke/basis:0
[   12744ms] [LOG] {success: true, data: Object} @ https://register.dpma.de/DPMAregister/js/bootstrap-session-timeout.js:144
[   13199ms] [LOG] {success: true, data: Object} @ https://register.dpma.de/DPMAregister/js/bootstrap-session-timeout.js:144
[   14107ms] [INFO] Autofocus processing was blocked because a document already has a focused element. @ https://register.dpma.de/DPMAregister/marke/basis:0
[   14129ms] [LOG] {success: true, data: Object} @ https://register.dpma.de/DPMAregister/js/bootstrap-session-timeout.js:144
[   14481ms] [LOG] {success: true, data: Object} @ https://register.dpma.de/DPMAregister/js/bootstrap-session-timeout.js:144
[   15391ms] [INFO] Autofocus processing was blocked because a document already has a focused element. @ https://register.dpma.de/DPMAregister/marke/basis:0
[   15423ms] [LOG] {success: true, data: Object} @ https://register.dpma.de/DPMAregister/js/bootstrap-session-timeout.js:144
[   15783ms] [LOG] {success: true, data: Object} @ https://register.dpma.de/DPMAregister/js/bootstrap-session-timeout.js:144
[   16677ms] [INFO] Autofocus processing was blocked because a document already has a focused element. @ https://register.dpma.de/DPMAregister/marke/basis:0
[   16701ms] [LOG] {success: true, data: Object} @ https://register.dpma.de/DPMAregister/js/bootstrap-session-timeout.js:144
[   17144ms] [LOG] {success: true, data: Object} @ https://register.dpma.de/DPMAregister/js/bootstrap-session-timeout.js:144
[   18109ms] [INFO] Autofocus processing was blocked because a document already has a focused element. @ https://register.dpma.de/DPMAregister/marke/basis:0
[   18134ms] [LOG] {success: true, data: Object} @ https://register.dpma.de/DPMAregister/js/bootstrap-session-timeout.js:144
[   18505ms] [LOG] {success: true, data: Object} @ https://register.dpma.de/DPMAregister/js/bootstrap-session-timeout.js:144
[   19442ms] [INFO] Autofocus processing was blocked because a document already has a focused element. @ https://register.dpma.de/DPMAregister/marke/basis:0
[   19463ms] [LOG] {success: true, data: Object} @ https://register.dpma.de/DPMAregister/js/bootstrap-session-timeout.js:144
[   19824ms] [LOG] {success: true, data: Object} @ https://register.dpma.de/DPMAregister/js/bootstrap-session-timeout.js:144
[   20753ms] [LOG] {success: true, data: Object} @ https://register.dpma.de/DPMAregister/js/bootstrap-session-timeout.js:144
[   21192ms] [LOG] {success: true, data: Object} @ https://register.dpma.de/DPMAregister/js/bootstrap-session-timeout.js:144
[   22096ms] [INFO] Autofocus processing was blocked because a document already has a focused element. @ https://register.dpma.de/DPMAregister/marke/basis:0
[   22129ms] [LOG] {success: true, data: Object} @ https://register.dpma.de/DPMAregister/js/bootstrap-session-timeout.js:144
[   22545ms] [LOG] {success: true, data: Object} @ https://register.dpma.de/DPMAregister/js/bootstrap-session-timeout.js:144
[   23528ms] [INFO] Autofocus processing was blocked because a document already has a focused element. @ https://register.dpma.de/DPMAregister/marke/basis:0
[   23543ms] [LOG] {success: true, data: Object} @ https://register.dpma.de/DPMAregister/js/bootstrap-session-timeout.js:144
[   23940ms] [LOG] {success: true, data: Object} @ https://register.dpma.de/DPMAregister/js/bootstrap-session-timeout.js:144
[   24977ms] [INFO] Autofocus processing was blocked because a document already has a focused element. @ https://register.dpma.de/DPMAregister/marke/basis:0
[   25001ms] [LOG] {success: true, data: Object} @ https://register.dpma.de/DPMAregister/js/bootstrap-session-timeout.js:144
[   25407ms] [LOG] {success: true, data: Object} @ https://register.dpma.de/DPMAregister/js/bootstrap-session-timeout.js:144
[   31579ms] [INFO] Autofocus processing was blocked because a document already has a focused element. @ https://register.dpma.de/DPMAregister/marke/basis:0
[   31602ms] [LOG] {success: true, data: Object} @ https://register.dpma.de/DPMAregister/js/bootstrap-session-timeout.js:144
[   65590ms] [INFO] Autofocus processing was blocked because a document already has a focused element. @ https://register.dpma.de/DPMAregister/marke/basis:0
[   65614ms] [LOG] {success: true, data: Object} @ https://register.dpma.de/DPMAregister/js/bootstrap-session-timeout.js:144
[   65966ms] [LOG] {success: true, data: Object} @ https://register.dpma.de/DPMAregister/js/bootstrap-session-timeout.js:144
[   79697ms] [LOG] {success: true, data: Object} @ https://register.dpma.de/DPMAregister/js/bootstrap-session-timeout.js:144
[   80589ms] [LOG] {success: true, data: Object} @ https://register.dpma.de/DPMAregister/js/bootstrap-session-timeout.js:144
[   84496ms] [INFO] Autofocus processing was blocked because a document already has a focused element. @ https://register.dpma.de/DPMAregister/marke/basis:0
[   84516ms] [LOG] {success: true, data: Object} @ https://register.dpma.de/DPMAregister/js/bootstrap-session-timeout.js:144
[   85117ms] [LOG] {success: true, data: Object} @ https://register.dpma.de/DPMAregister/js/bootstrap-session-timeout.js:144
[   96038ms] [LOG] {success: true, data: Object} @ https://register.dpma.de/DPMAregister/js/bootstrap-session-timeout.js:144
[  102654ms] [INFO] Autofocus processing was blocked because a document already has a focused element. @ https://register.dpma.de/DPMAregister/marke/basis:0
[  102688ms] [LOG] {success: true, data: Object} @ https://register.dpma.de/DPMAregister/js/bootstrap-session-timeout.js:144
[  103125ms] [LOG] {success: true, data: Object} @ https://register.dpma.de/DPMAregister/js/bootstrap-session-timeout.js:144
[  105686ms] [INFO] Autofocus processing was blocked because a document already has a focused element. @ https://register.dpma.de/DPMAregister/marke/basis:0
[  105709ms] [LOG] {success: true, data: Object} @ https://register.dpma.de/DPMAregister/js/bootstrap-session-timeout.js:144
[  106137ms] [LOG] {success: true, data: Object} @ https://register.dpma.de/DPMAregister/js/bootstrap-session-timeout.js:144
[  108703ms] [INFO] Autofocus processing was blocked because a document already has a focused element. @ https://register.dpma.de/DPMAregister/marke/basis:0
[  108738ms] [LOG] {success: true, data: Object} @ https://register.dpma.de/DPMAregister/js/bootstrap-session-timeout.js:144
[  109199ms] [LOG] {success: true, data: Object} @ https://register.dpma.de/DPMAregister/js/bootstrap-session-timeout.js:144
[  111855ms] [INFO] Autofocus processing was blocked because a document already has a focused element. @ https://register.dpma.de/DPMAregister/marke/basis:0
[  111889ms] [LOG] {success: true, data: Object} @ https://register.dpma.de/DPMAregister/js/bootstrap-session-timeout.js:144
[  112332ms] [LOG] {success: true, data: Object} @ https://register.dpma.de/DPMAregister/js/bootstrap-session-timeout.js:144
[  114889ms] [INFO] Autofocus processing was blocked because a document already has a focused element. @ https://register.dpma.de/DPMAregister/marke/basis:0
[  114924ms] [LOG] {success: true, data: Object} @ https://register.dpma.de/DPMAregister/js/bootstrap-session-timeout.js:144
[  115347ms] [LOG] {success: true, data: Object} @ https://register.dpma.de/DPMAregister/js/bootstrap-session-timeout.js:144
[  117933ms] [LOG] {success: true, data: Object} @ https://register.dpma.de/DPMAregister/js/bootstrap-session-timeout.js:144
[  118399ms] [LOG] {success: true, data: Object} @ https://register.dpma.de/DPMAregister/js/bootstrap-session-timeout.js:144
[  121108ms] [INFO] Autofocus processing was blocked because a document already has a focused element. @ https://register.dpma.de/DPMAregister/marke/basis:0
[  121130ms] [LOG] {success: true, data: Object} @ https://register.dpma.de/DPMAregister/js/bootstrap-session-timeout.js:144
[  121561ms] [LOG] {success: true, data: Object} @ https://register.dpma.de/DPMAregister/js/bootstrap-session-timeout.js:144
[  124259ms] [INFO] Autofocus processing was blocked because a document already has a focused element. @ https://register.dpma.de/DPMAregister/marke/basis:0
[  124289ms] [LOG] {success: true, data: Object} @ https://register.dpma.de/DPMAregister/js/bootstrap-session-timeout.js:144
[  124678ms] [LOG] {success: true, data: Object} @ https://register.dpma.de/DPMAregister/js/bootstrap-session-timeout.js:144
[  133528ms] [INFO] Autofocus processing was blocked because a document already has a focused element. @ https://register.dpma.de/DPMAregister/marke/basis:0
[  133548ms] [LOG] {success: true, data: Object} @ https://register.dpma.de/DPMAregister/js/bootstrap-session-timeout.js:144
[  133968ms] [LOG] {success: true, data: Object} @ https://register.dpma.de/DPMAregister/js/bootstrap-session-timeout.js:144
